../Drivers/STM32F7xx_HAL_Driver/Src/stm32f7xx_hal.c:152:19:HAL_Init	8	static
../Drivers/STM32F7xx_HAL_Driver/Src/stm32f7xx_hal.c:177:19:HAL_DeInit	8	static
../Drivers/STM32F7xx_HAL_Driver/Src/stm32f7xx_hal.c:206:13:HAL_MspInit	4	static
../Drivers/STM32F7xx_HAL_Driver/Src/stm32f7xx_hal.c:217:13:HAL_MspDeInit	4	static
../Drivers/STM32F7xx_HAL_Driver/Src/stm32f7xx_hal.c:240:26:HAL_InitTick	16	static
../Drivers/STM32F7xx_HAL_Driver/Src/stm32f7xx_hal.c:288:13:HAL_IncTick	4	static
../Drivers/STM32F7xx_HAL_Driver/Src/stm32f7xx_hal.c:299:17:HAL_GetTick	4	static
../Drivers/STM32F7xx_HAL_Driver/Src/stm32f7xx_hal.c:315:13:HAL_Delay	24	static
../Drivers/STM32F7xx_HAL_Driver/Src/stm32f7xx_hal.c:334:13:HAL_SuspendTick	4	static
../Drivers/STM32F7xx_HAL_Driver/Src/stm32f7xx_hal.c:350:13:HAL_ResumeTick	4	static
../Drivers/STM32F7xx_HAL_Driver/Src/stm32f7xx_hal.c:360:10:HAL_GetHalVersion	4	static
../Drivers/STM32F7xx_HAL_Driver/Src/stm32f7xx_hal.c:369:10:HAL_GetREVID	4	static
../Drivers/STM32F7xx_HAL_Driver/Src/stm32f7xx_hal.c:378:10:HAL_GetDEVID	4	static
../Drivers/STM32F7xx_HAL_Driver/Src/stm32f7xx_hal.c:387:10:HAL_GetUIDw0	4	static
../Drivers/STM32F7xx_HAL_Driver/Src/stm32f7xx_hal.c:396:10:HAL_GetUIDw1	4	static
../Drivers/STM32F7xx_HAL_Driver/Src/stm32f7xx_hal.c:405:10:HAL_GetUIDw2	4	static
../Drivers/STM32F7xx_HAL_Driver/Src/stm32f7xx_hal.c:414:6:HAL_DBGMCU_EnableDBGSleepMode	4	static
../Drivers/STM32F7xx_HAL_Driver/Src/stm32f7xx_hal.c:423:6:HAL_DBGMCU_DisableDBGSleepMode	4	static
../Drivers/STM32F7xx_HAL_Driver/Src/stm32f7xx_hal.c:432:6:HAL_DBGMCU_EnableDBGStopMode	4	static
../Drivers/STM32F7xx_HAL_Driver/Src/stm32f7xx_hal.c:441:6:HAL_DBGMCU_DisableDBGStopMode	4	static
../Drivers/STM32F7xx_HAL_Driver/Src/stm32f7xx_hal.c:450:6:HAL_DBGMCU_EnableDBGStandbyMode	4	static
../Drivers/STM32F7xx_HAL_Driver/Src/stm32f7xx_hal.c:459:6:HAL_DBGMCU_DisableDBGStandbyMode	4	static
../Drivers/STM32F7xx_HAL_Driver/Src/stm32f7xx_hal.c:470:6:HAL_EnableCompensationCell	4	static
../Drivers/STM32F7xx_HAL_Driver/Src/stm32f7xx_hal.c:481:6:HAL_DisableCompensationCell	4	static
../Drivers/STM32F7xx_HAL_Driver/Src/stm32f7xx_hal.c:494:6:HAL_EnableFMCMemorySwapping	4	static
../Drivers/STM32F7xx_HAL_Driver/Src/stm32f7xx_hal.c:507:6:HAL_DisableFMCMemorySwapping	4	static
